// Jest Snapshot v1, https://goo.gl/fbAQLP

exports[`<CodeExample /> render renders the expected HTML 1`] = `
"const SmeeClient = require('smee-client')

const smee = new SmeeClient({
  source: 'https://smee.io/CHANNEL',
  target: 'http://localhost:3000/events',
  logger: console
})

const events = smee.start()

// Stop forwarding events
events.close()"
`;
