// Jest Snapshot v1, https://goo.gl/fbAQLP

exports[`server GET /:channel returns the proper HTML 1`] = `
"<!DOCTYPE html>
<html lang=\\"en\\">
<head>
  <meta charset=\\"UTF-8\\">
  <meta name=\\"viewport\\" content=\\"width=device-width, initial-scale=1.0\\">
  <meta http-equiv=\\"X-UA-Compatible\\" content=\\"ie=edge\\">
  <title>Webhooks</title>
  <link rel=\\"stylesheet\\" href=\\"/public/main.min.css\\">
</head>
<body> 
  <noscript>
    <div class=\\"no-script\\">
      <h1>You must enable JavaScript to use try out todo.</h1>
      <a href=\\"https://github.com/probot/webhooks/issues\\" target=\\"_blank\\" rel=\\"noopener noreferrer\\">Need help?</a>
    </div>
  </noscript>
  <div class=\\"mount\\"></div>
  <script src=\\"/public/main.min.js\\"></script>
</body>
</html>"
`;
